<html>
<body>
<pre>
<h1>礦ision Build Log</h1>
<h2>Tool Versions:</h2>
IDE-Version: μVision V5.35.0.0
Copyright (C) 2021 ARM Ltd and ARM Germany GmbH. All rights reserved.
License Information: Larry geehy, geehy, LIC=32B1Q-NYMDM-VELHA-159X1-28WH0-38FNR
 
Tool Versions:
Toolchain:       MDK-ARM Plus  Version: 5.35.0.2
Toolchain Path:  D:\Keil_v5\ARM\ARMCC\Bin
C Compiler:      Armcc.exe V5.06 update 7 (build 960)
Assembler:       Armasm.exe V5.06 update 7 (build 960)
Linker/Locator:  ArmLink.exe V5.06 update 7 (build 960)
Library Manager: ArmAr.exe V5.06 update 7 (build 960)
Hex Converter:   FromElf.exe V5.06 update 7 (build 960)
CPU DLL:         SARMCM3.DLL V5.35.0.2
Dialog DLL:      DARMCM1.DLL V1.19.4.0
Target DLL:      UL2CM3.DLL V1.164.0.0
Dialog DLL:      TARMCM1.DLL V1.14.4.0
 
<h2>Project:</h2>
D:\桌面文件\21IC & Github帖子资料\APM32F003_Low power\Examples\GPIO\GPIO_Toggle\Project\MDK\GPIO_Toggle.uvprojx
Project File Date:  04/21/2022

<h2>Output:</h2>
*** Using Compiler 'V5.06 update 7 (build 960)', folder: 'D:\Keil_v5\ARM\ARMCC\Bin'
Build target 'GPIO_Toggle'
assembling startup_apm32f0xx.s...
compiling system_apm32f00x.c...
compiling apm32f00x_eint.c...
compiling apm32f00x_buzzer.c...
compiling apm32f00x_gpio.c...
compiling apm32f00x_adc.c...
compiling apm32f00x_fmc.c...
compiling apm32f00x_i2c.c...
compiling apm32f00x_iwdt.c...
compiling apm32f00x_misc.c...
compiling apm32f00x_rcm.c...
compiling apm32f00x_spi.c...
compiling apm32f00x_tmr4.c...
compiling apm32f00x_tmr1.c...
compiling apm32f00x_tmr2.c...
compiling apm32f00x_usart.c...
compiling apm32f00x_wupt.c...
compiling apm32f00x_int.c...
compiling Board.c...
compiling apm32f00x_wwdt.c...
compiling main.c...
linking...
Program Size: Code=1136 RO-data=220 RW-data=4 ZI-data=1636  
".\Objects\GPIO_Toggle.axf" - 0 Error(s), 0 Warning(s).

<h2>Software Packages used:</h2>

Package Vendor: Geehy
                https://www.geehy.com/uploads/tool/Geehy.APM32F00x_DFP.1.0.4.pack
                Geehy.APM32F00x_DFP.1.0.4
                Geehy Semiconductor APM32F00x Series Device Support, Drivers and Examples

<h2>Collection of Component include folders:</h2>
  D:\Users\geehy\AppData\Local\Arm\Packs\Geehy\APM32F00x_DFP\1.0.4\Device\Include

<h2>Collection of Component Files used:</h2>
Build Time Elapsed:  00:00:03
</pre>
</body>
</html>
